// Jest Snapshot v1, https://goo.gl/fbAQLP

exports[`Make component renders the UI as expected 1`] = `
<section
  className="make-recipe"
>
  <h1
    className="make-recipe-heading"
  >
    Make Your Recipe
  </h1>
  <form
    className="make-recipe-form"
    onSubmit={[Function]}
  >
    <div
      className="make-recipe-top-field"
    >
      <div
        className="make-recipe-name-field"
      >
        <label
          className="make-recipe-label"
        >
          Recipe Name
        </label>
        <input
          className="make-recipe-input"
          name="recipe_name"
          onChange={[Function]}
          type="text"
        />
      </div>
      <div
        className="make-recipe-image-field"
      >
        <label
          className="make-recipe-label"
        >
          Recipe Image Link
        </label>
        <input
          className="make-recipe-input"
          name="image"
          onChange={[Function]}
          type="text"
        />
      </div>
    </div>
    <div
      className="make-recipe-ingredients-and-instructions"
    >
      <div
        className="make-recipe-instructions-field"
      >
        <label
          className="make-recipe-label instructions"
        >
          Instructions
        </label>
        <div
          className="make-recipe-instructions-input-box"
        >
          <div
            className="make-recipe-button-and-text"
            style={
              Object {
                "display": "block",
              }
            }
          >
            <span
              className="make-recipe-number"
            >
              1
            </span>
            <button
              className="make-recipe-plus"
              onClick={[Function]}
              style={
                Object {
                  "display": "block",
                }
              }
              type="button"
            >
              +
            </button>
            <textarea
              className="make-recipe-variable-input"
              name="step-1"
              onChange={[Function]}
              type="text"
            />
            
          </div>
          <div
            className="make-recipe-button-and-text"
            style={
              Object {
                "display": "none",
              }
            }
          >
            <span
              className="make-recipe-number"
            >
              2
            </span>
            <button
              className="make-recipe-plus"
              onClick={[Function]}
              style={
                Object {
                  "display": "block",
                }
              }
              type="button"
            >
              +
            </button>
            <textarea
              className="make-recipe-variable-input"
              name="step-2"
              onChange={[Function]}
              type="text"
            />
            <button
              className="make-recipe-minus"
              onClick={[Function]}
              style={
                Object {
                  "display": "block",
                }
              }
              type="button"
            >
              -
            </button>
          </div>
          <div
            className="make-recipe-button-and-text"
            style={
              Object {
                "display": "none",
              }
            }
          >
            <span
              className="make-recipe-number"
            >
              3
            </span>
            <button
              className="make-recipe-plus"
              onClick={[Function]}
              style={
                Object {
                  "display": "block",
                }
              }
              type="button"
            >
              +
            </button>
            <textarea
              className="make-recipe-variable-input"
              name="step-3"
              onChange={[Function]}
              type="text"
            />
            <button
              className="make-recipe-minus"
              onClick={[Function]}
              style={
                Object {
                  "display": "block",
                }
              }
              type="button"
            >
              -
            </button>
          </div>
          <div
            className="make-recipe-button-and-text"
            style={
              Object {
                "display": "none",
              }
            }
          >
            <span
              className="make-recipe-number"
            >
              4
            </span>
            <button
              className="make-recipe-plus"
              onClick={[Function]}
              style={
                Object {
                  "display": "block",
                }
              }
              type="button"
            >
              +
            </button>
            <textarea
              className="make-recipe-variable-input"
              name="step-4"
              onChange={[Function]}
              type="text"
            />
            <button
              className="make-recipe-minus"
              onClick={[Function]}
              style={
                Object {
                  "display": "block",
                }
              }
              type="button"
            >
              -
            </button>
          </div>
          <div
            className="make-recipe-button-and-text"
            style={
              Object {
                "display": "none",
              }
            }
          >
            <span
              className="make-recipe-number"
            >
              5
            </span>
            <button
              className="make-recipe-plus"
              onClick={[Function]}
              style={
                Object {
                  "display": "block",
                }
              }
              type="button"
            >
              +
            </button>
            <textarea
              className="make-recipe-variable-input"
              name="step-5"
              onChange={[Function]}
              type="text"
            />
            <button
              className="make-recipe-minus"
              onClick={[Function]}
              style={
                Object {
                  "display": "block",
                }
              }
              type="button"
            >
              -
            </button>
          </div>
          <div
            className="make-recipe-button-and-text"
            style={
              Object {
                "display": "none",
              }
            }
          >
            <span
              className="make-recipe-number"
            >
              6
            </span>
            <button
              className="make-recipe-plus"
              onClick={[Function]}
              style={
                Object {
                  "display": "block",
                }
              }
              type="button"
            >
              +
            </button>
            <textarea
              className="make-recipe-variable-input"
              name="step-6"
              onChange={[Function]}
              type="text"
            />
            <button
              className="make-recipe-minus"
              onClick={[Function]}
              style={
                Object {
                  "display": "block",
                }
              }
              type="button"
            >
              -
            </button>
          </div>
          <div
            className="make-recipe-button-and-text"
            style={
              Object {
                "display": "none",
              }
            }
          >
            <span
              className="make-recipe-number"
            >
              7
            </span>
            
            <textarea
              className="make-recipe-variable-input"
              name="step-7"
              onChange={[Function]}
              type="text"
            />
            <button
              className="make-recipe-minus"
              onClick={[Function]}
              style={
                Object {
                  "display": "block",
                }
              }
              type="button"
            >
              -
            </button>
          </div>
        </div>
      </div>
      <div
        className="make-recipe-ingredients-field"
      >
        <label
          className="make-recipe-label"
        >
          Ingredients
        </label>
        <div
          className="make-recipe-ingredients-input-box"
        >
          <div
            className="make-recipe-button-and-text"
            style={
              Object {
                "display": "block",
              }
            }
          >
            <button
              className="make-recipe-plus"
              onClick={[Function]}
              style={
                Object {
                  "display": "block",
                }
              }
              type="button"
            >
              +
            </button>
            <input
              className="make-recipe-variable-input"
              name="ingredient-1"
              onChange={[Function]}
              type="text"
            />
            
          </div>
          <div
            className="make-recipe-button-and-text"
            style={
              Object {
                "display": "none",
              }
            }
          >
            <button
              className="make-recipe-plus"
              onClick={[Function]}
              style={
                Object {
                  "display": "block",
                }
              }
              type="button"
            >
              +
            </button>
            <input
              className="make-recipe-variable-input"
              name="ingredient-1"
              onChange={[Function]}
              type="text"
            />
            <button
              className="make-recipe-minus"
              onClick={[Function]}
              style={
                Object {
                  "display": "block",
                }
              }
              type="button"
            >
              -
            </button>
          </div>
          <div
            className="make-recipe-button-and-text"
            style={
              Object {
                "display": "none",
              }
            }
          >
            <button
              className="make-recipe-plus"
              onClick={[Function]}
              style={
                Object {
                  "display": "block",
                }
              }
              type="button"
            >
              +
            </button>
            <input
              className="make-recipe-variable-input"
              name="ingredient-1"
              onChange={[Function]}
              type="text"
            />
            <button
              className="make-recipe-minus"
              onClick={[Function]}
              style={
                Object {
                  "display": "block",
                }
              }
              type="button"
            >
              -
            </button>
          </div>
          <div
            className="make-recipe-button-and-text"
            style={
              Object {
                "display": "none",
              }
            }
          >
            <button
              className="make-recipe-plus"
              onClick={[Function]}
              style={
                Object {
                  "display": "block",
                }
              }
              type="button"
            >
              +
            </button>
            <input
              className="make-recipe-variable-input"
              name="ingredient-1"
              onChange={[Function]}
              type="text"
            />
            <button
              className="make-recipe-minus"
              onClick={[Function]}
              style={
                Object {
                  "display": "block",
                }
              }
              type="button"
            >
              -
            </button>
          </div>
          <div
            className="make-recipe-button-and-text"
            style={
              Object {
                "display": "none",
              }
            }
          >
            
            <input
              className="make-recipe-variable-input"
              name="ingredient-1"
              onChange={[Function]}
              type="text"
            />
            <button
              className="make-recipe-minus"
              onClick={[Function]}
              style={
                Object {
                  "display": "block",
                }
              }
              type="button"
            >
              -
            </button>
          </div>
        </div>
      </div>
    </div>
    <label
      className="make-recipe-preparation-time-label"
    >
      Preparation Time
    </label>
    <div
      className="make-recipe-preparation-time-box"
    >
      <input
        className="make-recipe-preparation-time-input"
        name="preparation_time"
        onChange={[Function]}
        type="number"
      />
      <select
        className="make-recipe-preparation-time-unit-input"
        onChange={[Function]}
        value="minutes"
      >
        <option
          value="seconds"
        >
          sec
        </option>
        <option
          value="minutes"
        >
          min
        </option>
      </select>
    </div>
    <div
      className="make-recipe-token-box"
    >
      <label
        className="make-recipe-token-label"
      >
        Create a Token
        <span
          className="make-recipe-break"
        >
          (This will be required to edit or delete your recipe)
        </span>
      </label>
      <input
        className="make-recipe-token-input"
        name="token"
        onChange={[Function]}
        type="password"
      />
    </div>
    
    <button
      className="make-recipe-submit"
      disabled={true}
      name="submit"
      style={
        Object {
          "opacity": "0.5",
        }
      }
      type="submit"
    >
      Submit
    </button>
    <button
      className="make-recipe-back"
      onClick={[Function]}
      type="button"
    >
      Cancel
    </button>
  </form>
</section>
`;
