// Jest Snapshot v1, https://goo.gl/fbAQLP

exports[`Make component renders the UI as expected 1`] = `
<section
  className="view-all-recipes-recipes"
>
  <ul
    className="view-all-recipes-lists"
  >
    <h1
      className="view-all-recipes-loading"
    >
      Loading
      .
    </h1>
  </ul>
</section>
`;
