// Jest Snapshot v1, https://goo.gl/fbAQLP

exports[`Make component renders the UI as expected 1`] = `
<div
  className="landing-page"
>
  <div
    className="lading-page-top-sections"
  >
    <section
      className="landing-page-hero"
    >
      <img
        alt="pizza"
        className="food-image"
        onAnimationEnd={[Function]}
        src="pizza.jpg"
        style={
          Object {
            "display": "block",
          }
        }
      />
      <img
        alt="chicken"
        className="food-image"
        onAnimationEnd={[Function]}
        src="chicken.jpg"
        style={
          Object {
            "display": "none",
          }
        }
      />
      <img
        alt="noodle"
        className="food-image"
        onAnimationEnd={[Function]}
        src="noodle.png"
        style={
          Object {
            "display": "none",
          }
        }
      />
      <img
        alt="rice"
        className="food-image"
        onAnimationEnd={[Function]}
        src="rice.jpg"
        style={
          Object {
            "display": "none",
          }
        }
      />
      <img
        alt="taco"
        className="food-image"
        onAnimationEnd={[Function]}
        src="tacos.jpg"
        style={
          Object {
            "display": "none",
          }
        }
      />
    </section>
    <div
      className="landing-page-headings"
    >
      <section
        className="landing-page-heading first"
      >
        <h1
          className="landing-page-heading-text"
        >
          Woke up late to work in the morning or feeling lazy to prepare a whole meal?
          <span
            className="landing-page-break"
          >
            Last minute eats has the perfect recipes for you
          </span>
        </h1>
      </section>
      <section
        className="landing-page-heading second"
      >
        <h1
          className="landing-page-heading-text"
        >
          Your time is valuable.
          <span
            className="landing-page-break"
          >
            That's why all of our recipes take less than 15 minutes to prepare.
          </span>
        </h1>
        <div
          className="landing-page-heading-small-text"
        >
          Average Americans spend 2 hours a day preparing meals.
          <span
            className="landing-page-break"
          >
            That's 30 days a year spent on cooking alone!
          </span>
          <span
            className="landing-page-break"
          >
            Our recipes has less than 5 ingredient and fewer than 7 short steps to have your stomach filled.
          </span>
        </div>
      </section>
    </div>
  </div>
  <section
    className="landing-page-my-info"
  >
    <div
      className="landing-page-my-name"
    >
      Created by Daniel Laufenberg
    </div>
    <div
      className="github-and-linkedIn-links-mobile"
    >
      <a
        href="https://github.com/ddlanf"
        rel="noopener noreferrer"
        target="_blank"
      >
        <i
          className="fa"
        />
      </a>
      <a
        href="https://www.linkedin.com/in/daniel-laufenberg/"
        rel="noopener noreferrer"
        target="_blank"
      >
        <i
          className="fa"
        />
      </a>
    </div>
    <div
      className="github-and-linkedIn-links"
    >
      <a
        href="https://github.com/ddlanf"
        rel="noopener noreferrer"
        target="_blank"
      >
        <i
          className="fa"
        />
      </a>
      <a
        href="https://www.linkedin.com/in/daniel-laufenberg/"
        rel="noopener noreferrer"
        target="_blank"
      >
        <i
          className="fa"
        />
      </a>
    </div>
    <p
      className="portfolio"
    >
      <a
        className="portfolio-link"
        href="https://ddlanf.github.io/Portfolio"
        rel="noopener noreferrer"
        target="_blank"
      >
        Portfolio
      </a>
    </p>
    <p
      className="landing-page-copy"
    >
      Copyright © 2020
    </p>
    <p
      className="landing-page-rights-reserved"
    >
      All Rights Reserved
    </p>
  </section>
</div>
`;
