// Jest Snapshot v1, https://goo.gl/fbAQLP

exports[`Make component renders the UI as expected 1`] = `
<form
  className="delete-recipe-form"
  onSubmit={[Function]}
>
  <label
    className="delete-recipe-label"
  >
    Enter token to delete this recipe
  </label>
  <input
    className="delete-recipe-input"
    name="token"
    onChange={[Function]}
    type="password"
  />
  
  
  <button
    className="delete-recipe-submit"
    disabled={false}
    type="submit"
  >
    Submit
  </button>
  <a
    className="delete-recipe-back"
    href="/view-recipe/undefined"
    onClick={[Function]}
  >
    Back
  </a>
</form>
`;
