// Jest Snapshot v1, https://goo.gl/fbAQLP

exports[`Make component renders the UI as expected 1`] = `
Array [
  <label
    className="view-recipe-rate"
  >
    Rate this recipe
  </label>,
  <span
    className="view-recipe-stars"
  >
    <div
      className="star-rating"
      onClick={[Function]}
    >
      <i
        className="fa"
      />
      <i
        className="fa"
      />
    </div>
    <div
      className="star-rating"
      onClick={[Function]}
    >
      <i
        className="fa"
      />
      <i
        className="fa"
      />
    </div>
    <div
      className="star-rating"
      onClick={[Function]}
    >
      <i
        className="fa"
      />
      <i
        className="fa"
      />
    </div>
    <div
      className="star-rating"
      onClick={[Function]}
    >
      <i
        className="fa"
      />
      <i
        className="fa"
      />
    </div>
    <div
      className="star-rating"
      onClick={[Function]}
    >
      <i
        className="fa"
      />
      <i
        className="fa"
      />
    </div>
  </span>,
]
`;
