// Jest Snapshot v1, https://goo.gl/fbAQLP

exports[`Make component renders the UI as expected 1`] = `
Array [
  <section
    className="view-recipe-logo"
  >
    <div
      className="view-recipe-food-image"
    />
  </section>,
  <section
    className="view-recipe-recipe"
  >
    <div
      className="view-recipe-main"
    >
      <h1
        className="view-recipe-recipe-name-desktop"
      />
      <div
        className="view-recipe-rating-desktop"
      >
        <i
          className="fa"
        />
        <i
          className="fa"
        />
        <i
          className="fa"
        />
        <i
          className="fa"
        />
        <i
          className="fa"
        />
      </div>
      <div
        className="view-recipe-image-box"
      >
        <img
          className="view-recipe-image"
        />
      </div>
      <h2
        className="view-recipe-preparation-time-desktop"
      >
        undefined
      </h2>
      <div
        className="view-recipe-star-box-desktop"
      >
        <label
          className="view-recipe-rate"
        >
          Your rating
        </label>
        <span
          className="view-recipe-stars"
        >
          <div
            className="star-rating"
          >
            <i
              className="fa"
            />
            <i
              className="fa"
            />
          </div>
          <div
            className="star-rating"
          >
            <i
              className="fa"
            />
            <i
              className="fa"
            />
          </div>
          <div
            className="star-rating"
          >
            <i
              className="fa"
            />
            <i
              className="fa"
            />
          </div>
          <div
            className="star-rating"
          >
            <i
              className="fa"
            />
            <i
              className="fa"
            />
          </div>
          <div
            className="star-rating"
          >
            <i
              className="fa"
            />
            <i
              className="fa"
            />
          </div>
        </span>
      </div>
    </div>
    <div
      className="view-recipe-main-detail"
    >
      <h1
        className="view-recipe-recipe-name-mobile"
      />
      <div
        className="view-recipe-rating-mobile"
      >
        <i
          className="fa"
        />
        <i
          className="fa"
        />
        <i
          className="fa"
        />
        <i
          className="fa"
        />
        <i
          className="fa"
        />
      </div>
      <h2
        className="view-recipe-preparation-time-mobile"
      >
        undefined
      </h2>
      <h2
        className="view-recipe-ingredients-header"
      >
        Ingredients
      </h2>
      <ul
        className="view-recipe-ingredients"
      />
      <h2>
        Instructions
      </h2>
      <ol
        className="view-recipe-instructions"
      />
    </div>
    <div
      className="view-recipe-star-box-mobile"
    >
      <label
        className="view-recipe-rate"
      >
        Your rating
      </label>
      <span
        className="view-recipe-stars"
      >
        <div
          className="star-rating"
        >
          <i
            className="fa"
          />
          <i
            className="fa"
          />
        </div>
        <div
          className="star-rating"
        >
          <i
            className="fa"
          />
          <i
            className="fa"
          />
        </div>
        <div
          className="star-rating"
        >
          <i
            className="fa"
          />
          <i
            className="fa"
          />
        </div>
        <div
          className="star-rating"
        >
          <i
            className="fa"
          />
          <i
            className="fa"
          />
        </div>
        <div
          className="star-rating"
        >
          <i
            className="fa"
          />
          <i
            className="fa"
          />
        </div>
      </span>
    </div>
    <div
      className="view-recipe-back-and-edit"
    >
      <a
        className="view-recipe-back"
        href="/view-all-recipes"
        onClick={[Function]}
      >
        Back
      </a>
      <a
        className="view-recipe-edit"
        href="/edit-recipe/undefined"
        onClick={[Function]}
      >
        Edit
      </a>
    </div>
  </section>,
]
`;
